// Jest Snapshot v1, https://goo.gl/fbAQLP

exports[`Integration test Test requests: Books 1`] = `
Array [
  Object {
    "authorName": "Iain Banks",
    "copiesSold": "0",
    "id": 1,
    "isbn": "0-333-45430-8",
    "title": "Consider Phlebas",
  },
  Object {
    "authorName": "Iain Banks",
    "copiesSold": "0",
    "id": 2,
    "isbn": "0-333-47110-5",
    "title": "The Player of Games",
  },
]
`;
